> git commit -m 'demo(A-formatter)'

========================================================================
 PRE-COMMIT HOOK - compuerta local de calidad (DoD v2.0)
 Fecha   : 2026-10-05 14:19:32 -0300
 Rama    : feature/1-compuerta-calidad-precommit
 HEAD    : f3100fb
 Autor   : Ivan Daniliuk <idaniliuk@itba.edu.ar>
========================================================================
Archivos en staging:
   M	src/main/java/hospital/turnos/Paciente.java
System.Management.Automation.RemoteException
Maven: /c/Users/PCDIM-2008/.m2/apache-maven-3.9.11/bin/mvn
------------------------------------------------------------------------
[1/3] Formatter (Spotless + google-java-format)
      comando: mvn spotless:check
------------------------------------------------------------------------
[INFO] Scanning for projects...
[INFO] 
[INFO] ------------------< ar.edu.utn.hospital:hospital-tpi >------------------
[INFO] Building Hospital Central – Turnos y Facturación (TPI Metodología de Sistemas II) 0.3.0
[INFO]   from pom.xml
[INFO] --------------------------------[ jar ]---------------------------------
[INFO] 
[INFO] --- spotless:2.44.4:check (default-cli) @ hospital-tpi ---
[INFO] Spotless.Java is keeping 23 files clean - 1 needs changes to be clean, 0 were already clean, 22 were skipped because caching determined they were already clean
[INFO] ------------------------------------------------------------------------
[INFO] BUILD FAILURE
[INFO] ------------------------------------------------------------------------
[INFO] Total time:  1.524 s
[INFO] Finished at: 2026-10-05T14:19:36-03:00
[INFO] ------------------------------------------------------------------------
[ERROR] Failed to execute goal com.diffplug.spotless:spotless-maven-plugin:2.44.4:check (default-cli) on project hospital-tpi: The following files had format violations:
[ERROR]     src\main\java\hospital\turnos\Paciente.java
[ERROR]         @@ -29,7 +29,9 @@
[ERROR]          ··}
[ERROR]          
[ERROR]          ··/**·Un·paciente·es·válido·si·tiene·nombre·no·vacío·y·edad·positiva.·*/
[ERROR]         -··public·boolean·esValido(){·return·tieneNombre()&&tieneEdadValida();·}
[ERROR]         +··public·boolean·esValido()·{
[ERROR]         +····return·tieneNombre()·&&·tieneEdadValida();
[ERROR]         +··}
[ERROR]          
[ERROR]          ··private·boolean·tieneNombre()·{
[ERROR]          ····return·nombre·!=·null·&&·!nombre.isEmpty();
[ERROR] Run 'mvn spotless:apply' to fix these violations.
[ERROR] -> [Help 1]
[ERROR] 
[ERROR] To see the full stack trace of the errors, re-run Maven with the -e switch.
[ERROR] Re-run Maven using the -X switch to enable full debug logging.
[ERROR] 
[ERROR] For more information about the errors and possible solutions, please read the following articles:
[ERROR] [Help 1] http://cwiki.apache.org/confluence/display/MAVEN/MojoExecutionException
System.Management.Automation.RemoteException
########################################################################
  [FALLA] Paso 1/3 - Formatter (Spotless + google-java-format)  (codigo 1, 4s)
  COMMIT RECHAZADO por el pre-commit hook. No se creo ningun commit.
  Los cambios siguen en staging: corregi el problema y repeti git commit.
  Sugerencia: ejecuta 'mvn spotless:apply', revisa el diff y volve a agregar los archivos.
  Log completo: .git/precommit-logs/precommit-20261005-141932-153.log
########################################################################

> codigo de salida de git commit: 1
> HEAD antes : f3100fbb6797e847775a76ed1d7c7f2ef1075d17
> HEAD despues: f3100fbb6797e847775a76ed1d7c7f2ef1075d17
> commit creado: NO
> archivos que siguen en staging: src/main/java/hospital/turnos/Paciente.java
